
Map of Debug\fat35.sm8 from link file Debug\fat35.lkf - Fri May 19 19:34:39 2017


                               --------
                               Segments
                               --------

start 00008080 end 000080c3 length    67 segment .const
start 000081ac end 000097f0 length  5700 segment .text
start 00004000 end 0000400e length    14 segment .eeprom
start 00000000 end 0000001d length    29 segment .bsct, initialized
start 000080d0 end 000080ed length    29 segment .bsct, from
start 0000001d end 000000a6 length   137 segment .ubsct
start 000000a6 end 000000a6 length     0 segment .bit
start 000000a6 end 000000a6 length     0 segment .share
start 00000100 end 000001bf length   191 segment .data, initialized
start 000080ed end 000081ac length   191 segment .data, from
start 000001bf end 000001c2 length     3 segment .bss
start 00000000 end 000006d1 length  1745 segment .info.
start 00000000 end 0000bc42 length 48194 segment .debug
start 00008000 end 00008080 length   128 segment .const
start 000080c3 end 000080d0 length    13 segment .init


                               -------
                               Modules
                               -------

C:\Program Files\COSMIC\CXSTM8_32K\Lib\crtsi0.sm8:
start 000081ac end 000081f7 length    75 section .text
start 000001bf end 000001bf length     0 section .bss
start 0000001d end 0000001d length     0 section .ubsct
start 00000000 end 0000002f length    47 section .info.

Debug\main.o:
start 000081f7 end 00009022 length  3627 section .text
start 00000100 end 000001bf length   191 section .data
start 000001bf end 000001c2 length     3 section .bss
start 00000000 end 0000001d length    29 section .bsct
start 0000001d end 00000080 length    99 section .ubsct
start 00000000 end 000066a7 length 26279 section .debug
start 0000002f end 000000aa length   123 section .info.
start 00008080 end 000080bf length    63 section .const
start 00004000 end 0000400e length    14 section .eeprom

Debug\cmd.o:
start 000066a7 end 000066eb length    68 section .debug
start 000000aa end 00000124 length   122 section .info.

Debug\ibatton.o:
start 00009022 end 000094a9 length  1159 section .text
start 00000080 end 0000009c length    28 section .ubsct
start 000066eb end 0000baa6 length 21435 section .debug
start 00000124 end 000001a2 length   126 section .info.
start 000080bf end 000080c3 length     4 section .const

(C:\Program Files\COSMIC\CXSTM8_32K\Lib\libis0.sm8)puts.o:
start 000094a9 end 000094c4 length    27 section .text
start 000001a2 end 00000214 length   114 section .info.

(C:\Program Files\COSMIC\CXSTM8_32K\Lib\libm0.sm8)eepwrl.o:
start 000094c4 end 0000950a length    70 section .text
start 00000214 end 00000244 length    48 section .info.

(C:\Program Files\COSMIC\CXSTM8_32K\Lib\libm0.sm8)eeprom.o:
start 0000950a end 00009570 length   102 section .text
start 00000244 end 00000274 length    48 section .info.

(C:\Program Files\COSMIC\CXSTM8_32K\Lib\libm0.sm8)imul.o:
start 00009570 end 00009591 length    33 section .text
start 00000274 end 000002a2 length    46 section .info.

(C:\Program Files\COSMIC\CXSTM8_32K\Lib\libm0.sm8)ladc.o:
start 00009591 end 000095a2 length    17 section .text
start 000002a2 end 000002d0 length    46 section .info.

(C:\Program Files\COSMIC\CXSTM8_32K\Lib\libm0.sm8)ladd.o:
start 000095a2 end 000095ba length    24 section .text
start 000002d0 end 000002fe length    46 section .info.

(C:\Program Files\COSMIC\CXSTM8_32K\Lib\libm0.sm8)lcmp.o:
start 000095ba end 000095da length    32 section .text
start 000002fe end 0000032c length    46 section .info.

(C:\Program Files\COSMIC\CXSTM8_32K\Lib\libm0.sm8)lgadc.o:
start 000095da end 000095ea length    16 section .text
start 0000032c end 0000035b length    47 section .info.

(C:\Program Files\COSMIC\CXSTM8_32K\Lib\libm0.sm8)llsh.o:
start 000095ea end 000095f9 length    15 section .text
start 0000035b end 00000389 length    46 section .info.

(C:\Program Files\COSMIC\CXSTM8_32K\Lib\libm0.sm8)lreg.o:
start 0000009c end 000000a0 length     4 section .ubsct
start 00000389 end 000003b7 length    46 section .info.

(C:\Program Files\COSMIC\CXSTM8_32K\Lib\libm0.sm8)ltor.o:
start 000095f9 end 0000960b length    18 section .text
start 000003b7 end 000003e5 length    46 section .info.

(C:\Program Files\COSMIC\CXSTM8_32K\Lib\libm0.sm8)ludiv.o:
start 0000960b end 0000961f length    20 section .text
start 000003e5 end 00000414 length    47 section .info.

(C:\Program Files\COSMIC\CXSTM8_32K\Lib\libm0.sm8)ldiv.o:
start 0000961f end 0000970a length   235 section .text
start 00000414 end 00000442 length    46 section .info.

(C:\Program Files\COSMIC\CXSTM8_32K\Lib\libm0.sm8)lgneg.o:
start 0000970a end 0000971d length    19 section .text
start 00000442 end 00000471 length    47 section .info.

(C:\Program Files\COSMIC\CXSTM8_32K\Lib\libm0.sm8)lneg.o:
start 0000971d end 00009732 length    21 section .text
start 00000471 end 0000049f length    46 section .info.

(C:\Program Files\COSMIC\CXSTM8_32K\Lib\libm0.sm8)lumod.o:
start 00009732 end 0000974c length    26 section .text
start 0000049f end 000004ce length    47 section .info.

(C:\Program Files\COSMIC\CXSTM8_32K\Lib\libm0.sm8)lzmp.o:
start 0000974c end 0000975e length    18 section .text
start 000004ce end 000004fc length    46 section .info.

(C:\Program Files\COSMIC\CXSTM8_32K\Lib\libm0.sm8)rtol.o:
start 0000975e end 00009770 length    18 section .text
start 000004fc end 0000052a length    46 section .info.

(C:\Program Files\COSMIC\CXSTM8_32K\Lib\libm0.sm8)sdivx.o:
start 00009770 end 0000979b length    43 section .text
start 0000052a end 00000559 length    47 section .info.

(C:\Program Files\COSMIC\CXSTM8_32K\Lib\libm0.sm8)umul.o:
start 0000979b end 000097d7 length    60 section .text
start 00000559 end 00000587 length    46 section .info.

(C:\Program Files\COSMIC\CXSTM8_32K\Lib\libm0.sm8)vmul.o:
start 000097d7 end 000097ef length    24 section .text
start 00000587 end 000005b5 length    46 section .info.

(C:\Program Files\COSMIC\CXSTM8_32K\Lib\libm0.sm8)xreg.o:
start 000000a0 end 000000a3 length     3 section .ubsct
start 000005b5 end 000005e3 length    46 section .info.

(C:\Program Files\COSMIC\CXSTM8_32K\Lib\libm0.sm8)yreg.o:
start 000000a3 end 000000a6 length     3 section .ubsct
start 000005e3 end 00000611 length    46 section .info.

Debug\stm8_interrupt_vector.o:
start 000097ef end 000097f0 length     1 section .text
start 0000baa6 end 0000bc42 length   412 section .debug
start 00000611 end 0000069d length   140 section .info.
start 00008000 end 00008080 length   128 section .const


                             -----------
                             Stack usage
                             -----------

Debug\ibatton.o:
_ibatton_an                 9   (2)
_ibatton_drv               22   (10)
_ibatton_polling            6   (6)
_ibatton_read_byte         10   (4)
_ibatton_read_rom          12   (2)
_ibatton_rts                6   (6)
_ibatton_send_byte          8   (4)
_ibatton_w0ts               4   (4)
_ibatton_w1ts               4   (4)

Debug\main.o:
_bcd2ind                    3   (3)
_bcd2ind_zero               3   (3)
_bin2bcd_int                5   (5)
_bin2bcd_long              21   (7)
_but_an                     9   (2)
_char2indh_sf               5   (5)
_delay_ms              >   19   (14)
_gpio_init                  2   (2)
_in_button                  6   (6)
_ind_hndl                  19   (4)
_int2ind_slkuf             15   (10)
_long2ind              >   27   (6)
_main                  >   26   (4)
_opto_drv                   2   (2)
_putchar                    3   (3)
_rele_drv                   2   (2)
_spi                   >    4   (4)
_spi_init              >    2   (2)
_t1_init               >    2   (2)
_t2_init               >    2   (2)
_t4_init                    2   (2)
_target_an                  2   (2)
_target_drv                 5   (5)
_uart_in                    2   (2)
_uart_init                  2   (2)
_wrk_hndl                   6   (2)
f_TIM1_Ovf_Interrupt   >    5   (5)
f_TIM4_UPD_Interrupt   >    5   (5)
f_UARTRxInterrupt      >    5   (5)
f_UARTTxInterrupt      >    5   (5)

Debug\stm8_interrupt_vector.o:
f_NonHandledInterrupt  >    5   (5)

C:\Program Files\COSMIC\CXSTM8_32K\Lib\libis0.sm8:
_puts                       7   (4)

Stack size: 32


                              ---------
                              Call tree
                              ---------
   1 > __stext: (0)

   2 > _delay_ms: (14)

   3 > _long2ind: (6)
   4      + _bcd2ind_zero: (3)
   5      + _bin2bcd_long: (7)
       
   6 > _main: (4)
   7      + _but_an: (2)
   8      + _gpio_init: (2)
   9      + _ibatton_an: (2)
  10      + _ibatton_drv: (10)
  11      |    + _ibatton_polling: (6)
  12      |    + _ibatton_read_rom: (2)
  13      |    |    + _ibatton_read_byte: (4)
  14      |    |    |    + _ibatton_rts: (6)
          |    |    | 
  15      |    |    + _ibatton_send_byte: (4)
  16      |    |    |    + _ibatton_w0ts: (4)
  17      |    |    |    + _ibatton_w1ts: (4)
          |    |    | 
          |    | 
          | 
  18      + _in_button: (6)
  19      + _ind_hndl: (4)
  20      |    + _char2indh_sf: (5)
  21      |    + _int2ind_slkuf: (10)
  22      |    |    + _bcd2ind: (3)
  23      |    |    + _bcd2ind_zero --> 4
  24      |    |    + _bin2bcd_int: (5)
          |    | 
          | 
  25      + _opto_drv: (2)
  26      + _puts: (4)
  27      |    + _putchar: (3)
          | 
  28      + _rele_drv: (2)
  29      + _t4_init: (2)
  30      + _target_an: (2)
  31      + _target_drv: (5)
  32      + _uart_in: (2)
  33      + _uart_init: (2)
  34      + _wrk_hndl: (2)
       
  35 > _spi: (4)

  36 > _spi_init: (2)

  37 > _t1_init: (2)

  38 > _t2_init: (2)

  39 > f_NonHandledInterrupt: (5)

  40 > f_TIM1_Ovf_Interrupt: (5)

  41 > f_TIM4_UPD_Interrupt: (5)

  42 > f_UARTRxInterrupt: (5)

  43 > f_UARTTxInterrupt: (5)

  44   _bcd2ind --> 22

  45   _bcd2ind_zero --> 4

  46   _bin2bcd_int --> 24

  47   _bin2bcd_long --> 5

  48   _but_an --> 7

  49   _char2indh_sf --> 20

  50   _gpio_init --> 8

  51   _ibatton_an --> 9

  52   _ibatton_drv --> 10

  53   _ibatton_polling --> 11

  54   _ibatton_read_byte --> 13

  55   _ibatton_read_rom --> 12

  56   _ibatton_rts --> 14

  57   _ibatton_send_byte --> 15

  58   _ibatton_w0ts --> 16

  59   _ibatton_w1ts --> 17

  60   _in_button --> 18

  61   _ind_hndl --> 19

  62   _int2ind_slkuf --> 21

  63   _opto_drv --> 25

  64   _putchar --> 27

  65   _puts --> 26

  66   _rele_drv --> 28

  67   _t4_init --> 29

  68   _target_an --> 30

  69   _target_drv --> 31

  70   _uart_in --> 32

  71   _uart_init --> 33

  72   _wrk_hndl --> 34



                               -------
                               Symbols
                               -------

_ADC_AWCRH               0000540e   defined in Debug\main.o
_ADC_AWCRL               0000540f   defined in Debug\main.o
_ADC_AWSRH               0000540c   defined in Debug\main.o
_ADC_AWSRL               0000540d   defined in Debug\main.o
_ADC_CR1                 00005401   defined in Debug\main.o
_ADC_CR2                 00005402   defined in Debug\main.o
_ADC_CR3                 00005403   defined in Debug\main.o
_ADC_CSR                 00005400   defined in Debug\main.o
_ADC_DBR                 000053e0   defined in Debug\main.o
_ADC_DRH                 00005404   defined in Debug\main.o
_ADC_DRL                 00005405   defined in Debug\main.o
_ADC_HTRH                00005408   defined in Debug\main.o
_ADC_HTRL                00005409   defined in Debug\main.o
_ADC_LTRH                0000540a   defined in Debug\main.o
_ADC_LTRL                0000540b   defined in Debug\main.o
_ADC_TDRH                00005406   defined in Debug\main.o
_ADC_TDRL                00005407   defined in Debug\main.o
_AWU_APR                 000050f1   defined in Debug\main.o
_AWU_CSR1                000050f0   defined in Debug\main.o
_AWU_TBR                 000050f2   defined in Debug\main.o
_BEEP_CSR                000050f3   defined in Debug\main.o
_CFG_GCR                 00007f60   defined in Debug\main.o
_CLK_CANCCR              000050cb   defined in Debug\main.o
_CLK_CCOR                000050c9   defined in Debug\main.o
_CLK_CKDIVR              000050c6   defined in Debug\main.o
_CLK_CMSR                000050c3   defined in Debug\main.o
_CLK_CSSR                000050c8   defined in Debug\main.o
_CLK_ECKCR               000050c1   defined in Debug\main.o
_CLK_HSITRIMR            000050cc   defined in Debug\main.o
_CLK_ICKCR               000050c0   defined in Debug\main.o
_CLK_PCKENR1             000050c7   defined in Debug\main.o
_CLK_PCKENR2             000050ca   defined in Debug\main.o
_CLK_SWCR                000050c5   defined in Debug\main.o
_CLK_SWIMCCR             000050cd   defined in Debug\main.o
_CLK_SWR                 000050c4   defined in Debug\main.o
_DIGISYM                 00008080   defined in Debug\main.o section .const
_DM_BK1RE                00007f90   defined in Debug\main.o
_DM_BK1RH                00007f91   defined in Debug\main.o
_DM_BK1RL                00007f92   defined in Debug\main.o
_DM_BK2RE                00007f93   defined in Debug\main.o
_DM_BK2RH                00007f94   defined in Debug\main.o
_DM_BK2RL                00007f95   defined in Debug\main.o
_DM_CR1                  00007f96   defined in Debug\main.o
_DM_CR2                  00007f97   defined in Debug\main.o
_DM_CSR1                 00007f98   defined in Debug\main.o
_DM_CSR2                 00007f99   defined in Debug\main.o
_DM_ENFCTR               00007f9a   defined in Debug\main.o
_EE_BONUS_SIGMA          00004030   defined in Debug\main.o
                                    used in Debug\ibatton.o
_EE_FISK_CNT             00004100   defined in Debug\main.o
                                    used in Debug\ibatton.o
_EE_FISK_CNT1            00004108   defined in Debug\main.o
_EE_MAIN_BUTTON          00004010   defined in Debug\main.o
                                    used in Debug\ibatton.o
_EE_NUM_OF_BALLS         00004060   defined in Debug\main.o
                                    used in Debug\ibatton.o
_EE_PNEVMO_TIME          00004050   defined in Debug\main.o
_EE_REMAIN_BALLS         00004040   defined in Debug\main.o
                                    used in Debug\ibatton.o
_EE_TARGET_BONUS         00004070   defined in Debug\main.o
_EE_WRK_BUTTON           00004020   defined in Debug\main.o
                                    used in Debug\ibatton.o
_EXTI_CR1                000050a0   defined in Debug\main.o
_EXTI_CR2                000050a1   defined in Debug\main.o
_FLASH_CR1               0000505a   defined in Debug\main.o
_FLASH_CR2               0000505b   defined in Debug\main.o
                                    used in (C:\Program Files\COSMIC\CXSTM8_32K\Lib\libm0.sm8)eepwrl.o
                                            (C:\Program Files\COSMIC\CXSTM8_32K\Lib\libm0.sm8)eeprom.o
_FLASH_DUKR              00005064   defined in Debug\main.o
_FLASH_FPR               0000505d   defined in Debug\main.o
_FLASH_IAPSR             0000505f   defined in Debug\main.o
                                    used in (C:\Program Files\COSMIC\CXSTM8_32K\Lib\libm0.sm8)eepwrl.o
                                            (C:\Program Files\COSMIC\CXSTM8_32K\Lib\libm0.sm8)eeprom.o
_FLASH_NCR2              0000505c   defined in Debug\main.o
                                    used in (C:\Program Files\COSMIC\CXSTM8_32K\Lib\libm0.sm8)eepwrl.o
                                            (C:\Program Files\COSMIC\CXSTM8_32K\Lib\libm0.sm8)eeprom.o
_FLASH_NFPR              0000505e   defined in Debug\main.o
_FLASH_PUKR              00005062   defined in Debug\main.o
_I2C_CCRH                0000521c   defined in Debug\main.o
_I2C_CCRL                0000521b   defined in Debug\main.o
_I2C_CR1                 00005210   defined in Debug\main.o
_I2C_CR2                 00005211   defined in Debug\main.o
_I2C_DR                  00005216   defined in Debug\main.o
_I2C_FREQR               00005212   defined in Debug\main.o
_I2C_ITR                 0000521a   defined in Debug\main.o
_I2C_OARH                00005214   defined in Debug\main.o
_I2C_OARL                00005213   defined in Debug\main.o
_I2C_PECR                0000521e   defined in Debug\main.o
_I2C_SR1                 00005217   defined in Debug\main.o
_I2C_SR2                 00005218   defined in Debug\main.o
_I2C_SR3                 00005219   defined in Debug\main.o
_I2C_TRISER              0000521d   defined in Debug\main.o
_ITC_SPR1                00007f70   defined in Debug\main.o
_ITC_SPR2                00007f71   defined in Debug\main.o
_ITC_SPR3                00007f72   defined in Debug\main.o
_ITC_SPR4                00007f73   defined in Debug\main.o
_ITC_SPR5                00007f74   defined in Debug\main.o
_ITC_SPR6                00007f75   defined in Debug\main.o
_ITC_SPR7                00007f76   defined in Debug\main.o
_ITC_SPR8                00007f77   defined in Debug\main.o
_IWDG_KR                 000050e0   defined in Debug\main.o
_IWDG_PR                 000050e1   defined in Debug\main.o
_IWDG_RLR                000050e2   defined in Debug\main.o
_PA_CR1                  00005003   defined in Debug\main.o
_PA_CR2                  00005004   defined in Debug\main.o
_PA_DDR                  00005002   defined in Debug\main.o
_PA_IDR                  00005001   defined in Debug\main.o
_PA_ODR                  00005000   defined in Debug\main.o
_PB_CR1                  00005008   defined in Debug\main.o
_PB_CR2                  00005009   defined in Debug\main.o
_PB_DDR                  00005007   defined in Debug\main.o
_PB_IDR                  00005006   defined in Debug\main.o
_PB_ODR                  00005005   defined in Debug\main.o
_PC_CR1                  0000500d   defined in Debug\main.o
_PC_CR2                  0000500e   defined in Debug\main.o
_PC_DDR                  0000500c   defined in Debug\main.o
_PC_IDR                  0000500b   defined in Debug\main.o
_PC_ODR                  0000500a   defined in Debug\main.o
_PD_CR1                  00005012   defined in Debug\main.o
_PD_CR2                  00005013   defined in Debug\main.o
_PD_DDR                  00005011   defined in Debug\main.o
_PD_IDR                  00005010   defined in Debug\main.o
_PD_ODR                  0000500f   defined in Debug\main.o
_PE_CR1                  00005017   defined in Debug\main.o
_PE_CR2                  00005018   defined in Debug\main.o
_PE_DDR                  00005016   defined in Debug\main.o
_PE_IDR                  00005015   defined in Debug\main.o
_PE_ODR                  00005014   defined in Debug\main.o
_PF_CR1                  0000501c   defined in Debug\main.o
_PF_CR2                  0000501d   defined in Debug\main.o
_PF_DDR                  0000501b   defined in Debug\main.o
_PF_IDR                  0000501a   defined in Debug\main.o
_PF_ODR                  00005019   defined in Debug\main.o
_RST_SR                  000050b3   defined in Debug\main.o
_SPI_CR1                 00005200   defined in Debug\main.o
_SPI_CR2                 00005201   defined in Debug\main.o
_SPI_CRCPR               00005205   defined in Debug\main.o
_SPI_DR                  00005204   defined in Debug\main.o
_SPI_ICR                 00005202   defined in Debug\main.o
_SPI_RXCRCR              00005206   defined in Debug\main.o
_SPI_SR                  00005203   defined in Debug\main.o
_SPI_TXCRCR              00005207   defined in Debug\main.o
_SWIM_CSR                00007f80   defined in Debug\main.o
_TIM1_ARRH               00005262   defined in Debug\main.o
_TIM1_ARRL               00005263   defined in Debug\main.o
_TIM1_BKR                0000526d   defined in Debug\main.o
_TIM1_CCER1              0000525c   defined in Debug\main.o
_TIM1_CCER2              0000525d   defined in Debug\main.o
_TIM1_CCMR1              00005258   defined in Debug\main.o
_TIM1_CCMR2              00005259   defined in Debug\main.o
_TIM1_CCMR3              0000525a   defined in Debug\main.o
_TIM1_CCMR4              0000525b   defined in Debug\main.o
_TIM1_CCR1H              00005265   defined in Debug\main.o
_TIM1_CCR1L              00005266   defined in Debug\main.o
_TIM1_CCR2H              00005267   defined in Debug\main.o
_TIM1_CCR2L              00005268   defined in Debug\main.o
_TIM1_CCR3H              00005269   defined in Debug\main.o
_TIM1_CCR3L              0000526a   defined in Debug\main.o
_TIM1_CCR4H              0000526b   defined in Debug\main.o
_TIM1_CCR4L              0000526c   defined in Debug\main.o
_TIM1_CNTRH              0000525e   defined in Debug\main.o
_TIM1_CNTRL              0000525f   defined in Debug\main.o
_TIM1_CR1                00005250   defined in Debug\main.o
_TIM1_CR2                00005251   defined in Debug\main.o
_TIM1_DTR                0000526e   defined in Debug\main.o
_TIM1_EGR                00005257   defined in Debug\main.o
_TIM1_ETR                00005253   defined in Debug\main.o
_TIM1_IER                00005254   defined in Debug\main.o
_TIM1_OISR               0000526f   defined in Debug\main.o
_TIM1_PSCRH              00005260   defined in Debug\main.o
_TIM1_PSCRL              00005261   defined in Debug\main.o
_TIM1_RCR                00005264   defined in Debug\main.o
_TIM1_SMCR               00005252   defined in Debug\main.o
_TIM1_SR1                00005255   defined in Debug\main.o
_TIM1_SR2                00005256   defined in Debug\main.o
_TIM2_ARRH               0000530f   defined in Debug\main.o
_TIM2_ARRL               00005310   defined in Debug\main.o
_TIM2_CCER1              0000530a   defined in Debug\main.o
_TIM2_CCER2              0000530b   defined in Debug\main.o
_TIM2_CCMR1              00005307   defined in Debug\main.o
_TIM2_CCMR2              00005308   defined in Debug\main.o
_TIM2_CCMR3              00005309   defined in Debug\main.o
_TIM2_CCR1H              00005311   defined in Debug\main.o
_TIM2_CCR1L              00005312   defined in Debug\main.o
_TIM2_CCR2H              00005313   defined in Debug\main.o
_TIM2_CCR2L              00005314   defined in Debug\main.o
_TIM2_CCR3H              00005315   defined in Debug\main.o
_TIM2_CCR3L              00005316   defined in Debug\main.o
_TIM2_CNTRH              0000530c   defined in Debug\main.o
_TIM2_CNTRL              0000530d   defined in Debug\main.o
_TIM2_CR1                00005300   defined in Debug\main.o
_TIM2_EGR                00005306   defined in Debug\main.o
_TIM2_IER                00005303   defined in Debug\main.o
_TIM2_PSCR               0000530e   defined in Debug\main.o
_TIM2_SR1                00005304   defined in Debug\main.o
_TIM2_SR2                00005305   defined in Debug\main.o
_TIM4_ARR                00005348   defined in Debug\main.o
_TIM4_CNTR               00005346   defined in Debug\main.o
_TIM4_CR1                00005340   defined in Debug\main.o
_TIM4_EGR                00005345   defined in Debug\main.o
_TIM4_IER                00005343   defined in Debug\main.o
_TIM4_PSCR               00005347   defined in Debug\main.o
_TIM4_SR                 00005344   defined in Debug\main.o
_UART1_BRR1              00005232   defined in Debug\main.o
_UART1_BRR2              00005233   defined in Debug\main.o
_UART1_CR1               00005234   defined in Debug\main.o
_UART1_CR2               00005235   defined in Debug\main.o
_UART1_CR3               00005236   defined in Debug\main.o
_UART1_CR4               00005237   defined in Debug\main.o
_UART1_CR5               00005238   defined in Debug\main.o
_UART1_DR                00005231   defined in Debug\main.o
_UART1_GTR               00005239   defined in Debug\main.o
_UART1_PSCR              0000523a   defined in Debug\main.o
_UART1_SR                00005230   defined in Debug\main.o
_WWDG_CR                 000050d1   defined in Debug\main.o
_WWDG_WR                 000050d2   defined in Debug\main.o
__endmem                 000001ff   defined in command file
                                    *** not used ***
__endzp                  000000a6   defined in command file section .ubsct
                                    used in C:\Program Files\COSMIC\CXSTM8_32K\Lib\crtsi0.sm8
__idesc__                000080c3   defined in linker section .init
                                    used in C:\Program Files\COSMIC\CXSTM8_32K\Lib\crtsi0.sm8
__memory                 000001c2   defined in command file section .bss
                                    used in C:\Program Files\COSMIC\CXSTM8_32K\Lib\crtsi0.sm8
__stack                  000003ff   defined in command file
                                    used in C:\Program Files\COSMIC\CXSTM8_32K\Lib\crtsi0.sm8
__startmem               000001c2   defined in command file section .bss
                                    *** not used ***
__stext                  000081ac   defined in C:\Program Files\COSMIC\CXSTM8_32K\Lib\crtsi0.sm8 section .text
                                    used in Debug\stm8_interrupt_vector.o
__vectab                 00008000   defined in Debug\stm8_interrupt_vector.o section .const
_b1000Hz                 00000100   defined in Debug\main.o section .data, initialized
_b100Hz                  00000101   defined in Debug\main.o section .data, initialized
_b10Hz                   00000102   defined in Debug\main.o section .data, initialized
_b1Hz                    00000105   defined in Debug\main.o section .data, initialized
_b2Hz                    00000104   defined in Debug\main.o section .data, initialized
_b5Hz                    00000103   defined in Debug\main.o section .data, initialized
_bERR                    0000000f   defined in Debug\main.o section .bsct, initialized
_bFIRE                   00000053   defined in Debug\main.o section .ubsct
_bFIRE1                  00000051   defined in Debug\main.o section .ubsct
_bFIRE_                  00000052   defined in Debug\main.o section .ubsct
_bFIRE_BLOCK             00000050   defined in Debug\main.o section .ubsct
_bFL1                    0000003a   defined in Debug\main.o section .ubsct
_bFL2                    0000003b   defined in Debug\main.o section .ubsct
_bFL5                    0000003c   defined in Debug\main.o section .ubsct
_bFL_                    00000039   defined in Debug\main.o section .ubsct
_bIN_OLD                 0000005e   defined in Debug\main.o section .ubsct
_bKEY                    00000054   defined in Debug\main.o section .ubsct
_bLINE_OLD               0000005d   defined in Debug\main.o section .ubsct
_bOUT_FREE               00000021   defined in Debug\main.o section .ubsct
_bRXIN                   0000001e   defined in Debug\main.o section .ubsct
_bSTART                  000001c1   defined in Debug\main.o section .bss
_bZATVOR                 00000003   defined in Debug\main.o section .bsct, initialized
_bcd2ind                 00008258   defined in Debug\main.o section .text
_bcd2ind_zero            0000827f   defined in Debug\main.o section .text
_bin2bcd_int             0000822d   defined in Debug\main.o section .text
_bin2bcd_long            000081f7   defined in Debug\main.o section .text
_but_an                  00008716   defined in Debug\main.o section .text
_but_cnt                 00000000   defined in Debug\main.o section .bsct, initialized
_char2indh_sf            0000834f   defined in Debug\main.o section .text
_cnt_bFIRE               0000004e   defined in Debug\main.o section .ubsct
_cnt_bFIRE1              0000004d   defined in Debug\main.o section .ubsct
_cnt_bFIRE_              0000004b   defined in Debug\main.o section .ubsct
_cnt_bKEY                0000004f   defined in Debug\main.o section .ubsct
_connect_cnt             00000057   defined in Debug\main.o section .ubsct
_delay_ms                00008bd9   defined in Debug\main.o section .text
_dig                     0000003e   defined in Debug\main.o section .ubsct
_ee_dumm                 00004004   defined in Debug\main.o section .eeprom
_ee_plazma               00004000   defined in Debug\main.o section .eeprom
_exit                    000081f5   defined in C:\Program Files\COSMIC\CXSTM8_32K\Lib\crtsi0.sm8 section .text
_fin_ind_cnt             0000007c   defined in Debug\main.o section .ubsct
_fire_cnt                00000061   defined in Debug\main.o section .ubsct
_gpio_init               00008c1b   defined in Debug\main.o section .text
_i_ser_num_cnt           00000079   defined in Debug\main.o section .ubsct
                                    used in Debug\ibatton.o
_ibatton                 00000086   defined in Debug\ibatton.o section .ubsct
_ibatton_an              00009022   defined in Debug\ibatton.o section .text
                                    used in Debug\main.o
_ibatton_drv             000091bb   defined in Debug\ibatton.o section .text
                                    used in Debug\main.o
_ibatton_n               00000085   defined in Debug\ibatton.o section .ubsct
_ibatton_n_              00000084   defined in Debug\ibatton.o section .ubsct
_ibatton_new             0000008e   defined in Debug\ibatton.o section .ubsct
_ibatton_not_ready_cnt   00000080   defined in Debug\ibatton.o section .ubsct
_ibatton_old             0000008a   defined in Debug\ibatton.o section .ubsct
_ibatton_plazma          00000082   defined in Debug\ibatton.o section .ubsct
_ibatton_polling         000092c1   defined in Debug\ibatton.o section .text
_ibatton_read_byte       00009426   defined in Debug\ibatton.o section .text
_ibatton_read_rom        00009355   defined in Debug\ibatton.o section .text
_ibatton_repeat_cnt      00000092   defined in Debug\ibatton.o section .ubsct
_ibatton_rts             0000944c   defined in Debug\ibatton.o section .text
_ibatton_send_byte       00009409   defined in Debug\ibatton.o section .text
_ibatton_w0ts            000093d4   defined in Debug\ibatton.o section .text
_ibatton_w1ts            0000939f   defined in Debug\ibatton.o section .text
_in_button               0000894c   defined in Debug\main.o section .text
_ind                     0000007f   defined in Debug\main.o section .ubsct
                                    used in Debug\ibatton.o
_ind_cnt                 00000048   defined in Debug\main.o section .ubsct
_ind_hndl                0000839e   defined in Debug\main.o section .text
_ind_ind_cnt             00000031   defined in Debug\main.o section .ubsct
_ind_on_cnt              0000000b   defined in Debug\main.o section .bsct, initialized
_ind_on_cnt1             0000000d   defined in Debug\main.o section .bsct, initialized
_ind_out                 00000004   defined in Debug\main.o section .bsct, initialized
_ind_out_                00000034   defined in Debug\main.o section .ubsct
_int2ind_slkuf           000082dc   defined in Debug\main.o section .text
_long2ind                000082ce   defined in Debug\main.o section .text
_main                    00008f2e   defined in Debug\main.o section .text
                                    used in C:\Program Files\COSMIC\CXSTM8_32K\Lib\crtsi0.sm8
_not_fire_cnt            0000002c   defined in Debug\main.o section .ubsct
_one_cnt                 0000005b   defined in Debug\main.o section .ubsct
_opto_cnt                0000002e   defined in Debug\main.o section .ubsct
_opto_drv                000089a3   defined in Debug\main.o section .text
_parol_sigma             00000049   defined in Debug\main.o section .ubsct
_plazma                  00000013   defined in Debug\main.o section .bsct, initialized
_plazma_SS               0000002a   defined in Debug\main.o section .ubsct
_plazma_ibatton1         00000011   defined in Debug\main.o section .bsct, initialized
                                    used in Debug\ibatton.o
_plazma_ibatton2         00000012   defined in Debug\main.o section .bsct, initialized
                                    used in Debug\ibatton.o
_putchar                 000088df   defined in Debug\main.o section .text
                                    used in (C:\Program Files\COSMIC\CXSTM8_32K\Lib\libis0.sm8)puts.o
_puts                    000094a9   defined in (C:\Program Files\COSMIC\CXSTM8_32K\Lib\libis0.sm8)puts.o section .text
                                    used in Debug\main.o
_rel_out_cnt             00000001   defined in Debug\main.o section .bsct, initialized
_rele_cnt                0000005f   defined in Debug\main.o section .ubsct
_rele_drv                00008b87   defined in Debug\main.o section .text
_res                     00000094   defined in Debug\ibatton.o section .ubsct
_ret_cnt                 0000007a   defined in Debug\main.o section .ubsct
                                    used in Debug\ibatton.o
_ret_cnt1                00000032   defined in Debug\main.o section .ubsct
_ret_ind                 0000007e   defined in Debug\main.o section .ubsct
                                    used in Debug\ibatton.o
_rx_buffer               0000015b   defined in Debug\main.o section .data, initialized
_rx_buffer_overflow      0000001d   defined in Debug\main.o section .ubsct
_rx_counter              00000026   defined in Debug\main.o section .ubsct
_rx_data                 0000001f   defined in Debug\main.o section .ubsct
_rx_plazma               000001c0   defined in Debug\main.o section .bss
_rx_rd_index             00000022   defined in Debug\main.o section .ubsct
_rx_status               00000020   defined in Debug\main.o section .ubsct
_rx_wr_index             00000024   defined in Debug\main.o section .ubsct
_spi                     00008cff   defined in Debug\main.o section .text
_spi_init                00008cf2   defined in Debug\main.o section .text
_sub_ind                 0000007d   defined in Debug\main.o section .ubsct
                                    used in Debug\ibatton.o
_t0_cnt0                 00000106   defined in Debug\main.o section .data, initialized
_t0_cnt1                 00000107   defined in Debug\main.o section .data, initialized
_t0_cnt2                 00000108   defined in Debug\main.o section .data, initialized
_t0_cnt3                 00000109   defined in Debug\main.o section .data, initialized
_t0_cnt4                 0000010a   defined in Debug\main.o section .data, initialized
_t1_init                 00008ca5   defined in Debug\main.o section .text
_t2_init                 00008c78   defined in Debug\main.o section .text
_t4_init                 00008d1d   defined in Debug\main.o section .text
_target_an               00008b47   defined in Debug\main.o section .text
_target_cnt              0000006f   defined in Debug\main.o section .ubsct
_target_cnt_off          00000067   defined in Debug\main.o section .ubsct
_target_drv              00008a31   defined in Debug\main.o section .text
_target_on               00000063   defined in Debug\main.o section .ubsct
_target_plazma           00000030   defined in Debug\main.o section .ubsct
_tx_buffer               0000010b   defined in Debug\main.o section .data, initialized
_tx_counter              000001bf   defined in Debug\main.o section .bss
_tx_rd_index             00000028   defined in Debug\main.o section .ubsct
_tx_wr_index             00000029   defined in Debug\main.o section .ubsct
_uart_in                 0000894b   defined in Debug\main.o section .text
_uart_init               0000891b   defined in Debug\main.o section .text
_wrk_cnt                 00000077   defined in Debug\main.o section .ubsct
                                    used in Debug\ibatton.o
_wrk_hndl                00008ba9   defined in Debug\main.o section .text
_wrk_stat                00000010   defined in Debug\main.o section .bsct, initialized
                                    used in Debug\ibatton.o
_zatvor_cnt              00000055   defined in Debug\main.o section .ubsct
_zero_cnt                00000059   defined in Debug\main.o section .ubsct
_zero_on                 0000003d   defined in Debug\main.o section .ubsct
c_divsl                  0000961f   defined in (C:\Program Files\COSMIC\CXSTM8_32K\Lib\libm0.sm8)ldiv.o section .text
                                    *** not used ***
c_divul                  00009636   defined in (C:\Program Files\COSMIC\CXSTM8_32K\Lib\libm0.sm8)ldiv.o section .text
                                    used in (C:\Program Files\COSMIC\CXSTM8_32K\Lib\libm0.sm8)ludiv.o
                                            (C:\Program Files\COSMIC\CXSTM8_32K\Lib\libm0.sm8)lumod.o
c_eewrc                  00009520   defined in (C:\Program Files\COSMIC\CXSTM8_32K\Lib\libm0.sm8)eeprom.o section .text
                                    *** not used ***
c_eewrd                  00009553   defined in (C:\Program Files\COSMIC\CXSTM8_32K\Lib\libm0.sm8)eeprom.o section .text
                                    used in (C:\Program Files\COSMIC\CXSTM8_32K\Lib\libm0.sm8)eepwrl.o
c_eewrl                  000094c4   defined in (C:\Program Files\COSMIC\CXSTM8_32K\Lib\libm0.sm8)eepwrl.o section .text
                                    used in Debug\main.o Debug\ibatton.o
c_eewrw                  0000950a   defined in (C:\Program Files\COSMIC\CXSTM8_32K\Lib\libm0.sm8)eeprom.o section .text
                                    used in Debug\main.o Debug\ibatton.o
c_imul                   00009570   defined in (C:\Program Files\COSMIC\CXSTM8_32K\Lib\libm0.sm8)imul.o section .text
                                    used in Debug\main.o
c_ladc                   00009591   defined in (C:\Program Files\COSMIC\CXSTM8_32K\Lib\libm0.sm8)ladc.o section .text
                                    used in Debug\ibatton.o
c_ladd                   000095a2   defined in (C:\Program Files\COSMIC\CXSTM8_32K\Lib\libm0.sm8)ladd.o section .text
                                    used in Debug\ibatton.o
c_lcmp                   000095ba   defined in (C:\Program Files\COSMIC\CXSTM8_32K\Lib\libm0.sm8)lcmp.o section .text
                                    used in Debug\main.o Debug\ibatton.o
c_lgadc                  000095da   defined in (C:\Program Files\COSMIC\CXSTM8_32K\Lib\libm0.sm8)lgadc.o section .text
                                    used in Debug\main.o
c_lgneg                  0000970a   defined in (C:\Program Files\COSMIC\CXSTM8_32K\Lib\libm0.sm8)lgneg.o section .text
                                    used in (C:\Program Files\COSMIC\CXSTM8_32K\Lib\libm0.sm8)ldiv.o
c_llsh                   000095ea   defined in (C:\Program Files\COSMIC\CXSTM8_32K\Lib\libm0.sm8)llsh.o section .text
                                    used in Debug\ibatton.o
c_lneg                   0000971d   defined in (C:\Program Files\COSMIC\CXSTM8_32K\Lib\libm0.sm8)lneg.o section .text
                                    used in (C:\Program Files\COSMIC\CXSTM8_32K\Lib\libm0.sm8)ldiv.o
c_lreg                   0000009c   defined in (C:\Program Files\COSMIC\CXSTM8_32K\Lib\libm0.sm8)lreg.o section .ubsct
                                    used in Debug\main.o Debug\ibatton.o
                                            (C:\Program Files\COSMIC\CXSTM8_32K\Lib\libm0.sm8)eepwrl.o
                                            (C:\Program Files\COSMIC\CXSTM8_32K\Lib\libm0.sm8)eeprom.o
                                            (C:\Program Files\COSMIC\CXSTM8_32K\Lib\libm0.sm8)ladc.o
                                            (C:\Program Files\COSMIC\CXSTM8_32K\Lib\libm0.sm8)ladd.o
                                            (C:\Program Files\COSMIC\CXSTM8_32K\Lib\libm0.sm8)lcmp.o
                                            (C:\Program Files\COSMIC\CXSTM8_32K\Lib\libm0.sm8)llsh.o
                                            (C:\Program Files\COSMIC\CXSTM8_32K\Lib\libm0.sm8)ltor.o
                                            (C:\Program Files\COSMIC\CXSTM8_32K\Lib\libm0.sm8)ldiv.o
                                            (C:\Program Files\COSMIC\CXSTM8_32K\Lib\libm0.sm8)lneg.o
                                            (C:\Program Files\COSMIC\CXSTM8_32K\Lib\libm0.sm8)lumod.o
                                            (C:\Program Files\COSMIC\CXSTM8_32K\Lib\libm0.sm8)rtol.o
                                            (C:\Program Files\COSMIC\CXSTM8_32K\Lib\libm0.sm8)umul.o
                                            (C:\Program Files\COSMIC\CXSTM8_32K\Lib\libm0.sm8)vmul.o
c_ltor                   000095f9   defined in (C:\Program Files\COSMIC\CXSTM8_32K\Lib\libm0.sm8)ltor.o section .text
                                    used in Debug\main.o Debug\ibatton.o
c_ludv                   0000960b   defined in (C:\Program Files\COSMIC\CXSTM8_32K\Lib\libm0.sm8)ludiv.o section .text
                                    used in Debug\main.o
c_lumd                   00009732   defined in (C:\Program Files\COSMIC\CXSTM8_32K\Lib\libm0.sm8)lumod.o section .text
                                    used in Debug\main.o
c_lzmp                   0000974c   defined in (C:\Program Files\COSMIC\CXSTM8_32K\Lib\libm0.sm8)lzmp.o section .text
                                    used in Debug\ibatton.o
c_rtol                   0000975e   defined in (C:\Program Files\COSMIC\CXSTM8_32K\Lib\libm0.sm8)rtol.o section .text
                                    used in Debug\main.o Debug\ibatton.o
c_sdivx                  00009776   defined in (C:\Program Files\COSMIC\CXSTM8_32K\Lib\libm0.sm8)sdivx.o section .text
                                    used in Debug\main.o
c_smodx                  00009770   defined in (C:\Program Files\COSMIC\CXSTM8_32K\Lib\libm0.sm8)sdivx.o section .text
                                    used in Debug\main.o
c_umul                   0000979b   defined in (C:\Program Files\COSMIC\CXSTM8_32K\Lib\libm0.sm8)umul.o section .text
                                    used in Debug\ibatton.o
                                            (C:\Program Files\COSMIC\CXSTM8_32K\Lib\libm0.sm8)vmul.o
c_vmul                   000097d7   defined in (C:\Program Files\COSMIC\CXSTM8_32K\Lib\libm0.sm8)vmul.o section .text
                                    used in Debug\main.o
c_x                      000000a0   defined in (C:\Program Files\COSMIC\CXSTM8_32K\Lib\libm0.sm8)xreg.o section .ubsct
                                    used in C:\Program Files\COSMIC\CXSTM8_32K\Lib\crtsi0.sm8
                                            (C:\Program Files\COSMIC\CXSTM8_32K\Lib\libm0.sm8)eepwrl.o
                                            (C:\Program Files\COSMIC\CXSTM8_32K\Lib\libm0.sm8)imul.o
                                            (C:\Program Files\COSMIC\CXSTM8_32K\Lib\libm0.sm8)ldiv.o
                                            (C:\Program Files\COSMIC\CXSTM8_32K\Lib\libm0.sm8)sdivx.o
                                            (C:\Program Files\COSMIC\CXSTM8_32K\Lib\libm0.sm8)umul.o
                                            (C:\Program Files\COSMIC\CXSTM8_32K\Lib\libm0.sm8)vmul.o
c_y                      000000a3   defined in (C:\Program Files\COSMIC\CXSTM8_32K\Lib\libm0.sm8)yreg.o section .ubsct
                                    used in C:\Program Files\COSMIC\CXSTM8_32K\Lib\crtsi0.sm8
                                            (C:\Program Files\COSMIC\CXSTM8_32K\Lib\libm0.sm8)umul.o
                                            (C:\Program Files\COSMIC\CXSTM8_32K\Lib\libm0.sm8)vmul.o
f_NonHandledInterrupt    000097ef   defined in Debug\stm8_interrupt_vector.o section .text
f_TIM1_Ovf_Interrupt     00008eb7   defined in Debug\main.o section .text
                                    used in Debug\stm8_interrupt_vector.o
f_TIM4_UPD_Interrupt     00008d2e   defined in Debug\main.o section .text
                                    used in Debug\stm8_interrupt_vector.o
f_UARTRxInterrupt        00008ef0   defined in Debug\main.o section .text
                                    used in Debug\stm8_interrupt_vector.o
f_UARTTxInterrupt        00008ec4   defined in Debug\main.o section .text
                                    used in Debug\stm8_interrupt_vector.o
